converged SCF energy = -1.09138607131129
[[ 0.25170785  0.14932335  0.88330695 -0.95087346]
 [ 0.36885488  1.17827145 -0.67239839  1.12628901]
 [ 0.25170785 -0.14932335  0.88330695  0.95087346]
 [ 0.36885488 -1.17827145 -0.67239839 -1.12628901]]
<class 'pyscf.gto.mole.Mole'> <class 'pyscf.scf.hf.RHF'>
 ecore:  10.29192579
h1!!! [[ 2.29393213e+00 -3.30483115e-16  4.71322621e-01 -8.79935445e-17]
 [-3.48256155e-16  2.28383550e+00  4.69834995e-17 -4.45042276e-01]
 [ 4.71322621e-01  2.93656977e-16  3.33249429e+00  6.31663482e-16]
 [-8.58913922e-17 -4.45042276e-01  9.82544305e-16  3.74173195e+00]]
SCF energy pycc: -1.0913860713112888 -1.0913860713112888
n_mo=4, n_spin_orbitals=8, n_electrons=2
[-0.52293413 -0.52293413  0.18809294  0.18809294  1.06763114  1.06763114
  1.29870323  1.29870323]
geo: [['H', [0, 0, 0]], ['H', [0, 0, 1]]]
hf_index: 192
e cmp: -1.1232535039794063
<1100|H|1100> = (-1.0913860713112875+0j)

nelectrons: 2
Energy at theta=0 (should be HF energy): -1.091386071311  PySCF RHF energy: -1.091386071311,-1.091386071311
Starting optimization... (this may take some time for larger ansatz sizes)
callback: energy=-1.115060663795
callback: energy=-1.122609632045
callback: energy=-1.123239676330
callback: energy=-1.123251674513
callback: energy=-1.123253149051
callback: energy=-1.123253470687
callback: energy=-1.123253503900
callback: energy=-1.123253503979
Optimization terminated successfully.
         Current function value: -1.123254
         Iterations: 8
         Function evaluations: 420
         Gradient evaluations: 15
Optimization finished in 2113.36 s
Success: True
Final energy: -1.1232535039792035
Final parameters (first 10): [ 1.85112432e-08 -1.75240899e-08  1.21507625e-02 -1.33649453e-08
  8.80025709e-09 -7.17082206e-09 -1.75240899e-08  2.18470382e-09
 -9.92753582e-09  1.21507337e-02]
length: 12 15
Final T1: [ 1.85112432e-08 -1.75240899e-08  1.21507625e-02 -1.33649453e-08
  8.80025709e-09 -7.17082206e-09 -1.75240899e-08  2.18470382e-09
 -9.92753582e-09  1.21507337e-02 -6.49587557e-09 -2.71058878e-10]
Final T2: [ 1.43811909e-01 -9.34237485e-09 -1.39540795e-08 -5.34060412e-09
  5.32059967e-02 -9.14982243e-09 -4.61293664e-09 -5.32814280e-02
 -7.66725409e-09  3.30766864e-02 -7.38793214e-09 -7.94182025e-08
 -6.08483547e-09 -2.14705384e-08  3.36902390e-02]
