two body coeff: [[[[ 1.64540443  0.         -0.16278426 ...  0.         -0.06905424
     0.        ]
   [ 0.          0.          0.         ...  0.          0.
     0.        ]
   [-0.16278426  0.          0.03169328 ...  0.          0.01098745
     0.        ]
   ...
   [ 0.          0.          0.         ...  0.          0.
     0.        ]
   [-0.06905424  0.          0.01098745 ...  0.          0.00709774
     0.        ]
   [ 0.          0.          0.         ...  0.          0.
     0.        ]]

  [[ 0.          0.          0.         ...  0.          0.
     0.        ]
   [ 1.64540443  0.         -0.16278426 ...  0.         -0.06905424
     0.        ]
   [ 0.          0.          0.         ...  0.          0.
     0.        ]
   ...
   [ 0.          0.          0.         ...  0.          0.
     0.        ]
   [ 0.          0.          0.         ...  0.          0.
     0.        ]
   [-0.06905424  0.          0.01098745 ...  0.          0.00709774
     0.        ]]

  [[-0.16278426  0.          0.03169328 ...  0.          0.01098745
     0.        ]
   [ 0.          0.          0.         ...  0.          0.
     0.        ]
   [ 0.46837494  0.          0.01485794 ...  0.          0.00542389
     0.        ]
   ...
   [ 0.          0.          0.         ...  0.          0.
     0.        ]
   [ 0.08876831  0.          0.01254777 ...  0.          0.00841146
     0.        ]
   [ 0.          0.          0.         ...  0.          0.
     0.        ]]

  ...

  [[ 0.          0.          0.         ...  0.          0.
     0.        ]
   [ 0.          0.          0.         ...  0.          0.
     0.        ]
   [ 0.          0.          0.         ...  0.          0.
     0.        ]
   ...
   [ 0.39608903  0.         -0.00600421 ...  0.         -0.00327461
     0.        ]
   [ 0.          0.          0.         ...  0.          0.
     0.        ]
   [ 0.          0.          0.         ...  0.          0.
     0.        ]]

  [[-0.06905424  0.          0.01098745 ...  0.          0.00709774
     0.        ]
   [ 0.          0.          0.         ...  0.          0.
     0.        ]
   [ 0.08876831  0.          0.01254777 ...  0.          0.00841146
     0.        ]
   ...
   [ 0.          0.          0.         ...  0.          0.
     0.        ]
   [ 0.38377585  0.          0.01486416 ...  0.          0.0100766
     0.        ]
   [ 0.          0.          0.         ...  0.          0.
     0.        ]]

  [[ 0.          0.          0.         ...  0.          0.
     0.        ]
   [-0.06905424  0.          0.01098745 ...  0.          0.00709774
     0.        ]
   [ 0.          0.          0.         ...  0.          0.
     0.        ]
   ...
   [ 0.          0.          0.         ...  0.          0.
     0.        ]
   [ 0.          0.          0.         ...  0.          0.
     0.        ]
   [ 0.38377585  0.          0.01486416 ...  0.          0.0100766
     0.        ]]]


 [[[ 0.          1.64540443  0.         ...  0.          0.
    -0.06905424]
   [ 0.          0.          0.         ...  0.          0.
     0.        ]
   [ 0.         -0.16278426  0.         ...  0.          0.
     0.01098745]
   ...
   [ 0.          0.          0.         ...  0.          0.
     0.        ]
   [ 0.         -0.06905424  0.         ...  0.          0.
     0.00709774]
   [ 0.          0.          0.         ...  0.          0.
     0.        ]]

  [[ 0.          0.          0.         ...  0.          0.
     0.        ]
   [ 0.          1.64540443  0.         ...  0.          0.
    -0.06905424]
   [ 0.          0.          0.         ...  0.          0.
     0.        ]
   ...
   [ 0.          0.          0.         ...  0.00989082  0.
     0.        ]
   [ 0.          0.          0.         ...  0.          0.
     0.        ]
   [ 0.         -0.06905424  0.         ...  0.          0.
     0.00709774]]

  [[ 0.         -0.16278426  0.         ...  0.          0.
     0.01098745]
   [ 0.          0.          0.         ...  0.          0.
     0.        ]
   [ 0.          0.46837494  0.         ...  0.          0.
     0.00542389]
   ...
   [ 0.          0.          0.         ...  0.          0.
     0.        ]
   [ 0.          0.08876831  0.         ...  0.          0.
     0.00841146]
   [ 0.          0.          0.         ...  0.          0.
     0.        ]]

  ...

  [[ 0.          0.          0.         ...  0.          0.
     0.        ]
   [ 0.          0.          0.         ...  0.00989082  0.
     0.        ]
   [ 0.          0.          0.         ...  0.          0.
     0.        ]
   ...
   [ 0.          0.39608903  0.         ...  0.          0.
    -0.00327461]
   [ 0.          0.          0.         ...  0.          0.
     0.        ]
   [ 0.          0.          0.         ... -0.00363388  0.
     0.        ]]

  [[ 0.         -0.06905424  0.         ...  0.          0.
     0.00709774]
   [ 0.          0.          0.         ...  0.          0.
     0.        ]
   [ 0.          0.08876831  0.         ...  0.          0.
     0.00841146]
   ...
   [ 0.          0.          0.         ...  0.          0.
     0.        ]
   [ 0.          0.38377585  0.         ...  0.          0.
     0.0100766 ]
   [ 0.          0.          0.         ...  0.          0.
     0.        ]]

  [[ 0.          0.          0.         ...  0.          0.
     0.        ]
   [ 0.         -0.06905424  0.         ...  0.          0.
     0.00709774]
   [ 0.          0.          0.         ...  0.          0.
     0.        ]
   ...
   [ 0.          0.          0.         ... -0.00363388  0.
     0.        ]
   [ 0.          0.          0.         ...  0.          0.
     0.        ]
   [ 0.          0.38377585  0.         ...  0.          0.
     0.0100766 ]]]


 [[[-0.16278426  0.          0.46837494 ...  0.          0.08876831
     0.        ]
   [ 0.          0.          0.         ...  0.          0.
     0.        ]
   [ 0.03169328  0.          0.01485794 ...  0.          0.01254777
     0.        ]
   ...
   [ 0.          0.          0.         ...  0.          0.
     0.        ]
   [ 0.01098745  0.          0.00542389 ...  0.          0.00841146
     0.        ]
   [ 0.          0.          0.         ...  0.          0.
     0.        ]]

  [[ 0.          0.          0.         ...  0.          0.
     0.        ]
   [-0.16278426  0.          0.46837494 ...  0.          0.08876831
     0.        ]
   [ 0.          0.          0.         ...  0.          0.
     0.        ]
   ...
   [ 0.          0.          0.         ...  0.          0.
     0.        ]
   [ 0.          0.          0.         ...  0.          0.
     0.        ]
   [ 0.01098745  0.          0.00542389 ...  0.          0.00841146
     0.        ]]

  [[ 0.03169328  0.          0.01485794 ...  0.          0.01254777
     0.        ]
   [ 0.          0.          0.         ...  0.          0.
     0.        ]
   [ 0.01485794  0.          0.52426316 ...  0.          0.15993537
     0.        ]
   ...
   [ 0.          0.          0.         ...  0.          0.
     0.        ]
   [ 0.01254777  0.          0.15993537 ...  0.          0.12241565
     0.        ]
   [ 0.          0.          0.         ...  0.          0.
     0.        ]]

  ...

  [[ 0.          0.          0.         ...  0.          0.
     0.        ]
   [ 0.          0.          0.         ...  0.          0.
     0.        ]
   [ 0.          0.          0.         ...  0.          0.
     0.        ]
   ...
   [-0.00600421  0.          0.30049908 ...  0.          0.02294337
     0.        ]
   [ 0.          0.          0.         ...  0.          0.
     0.        ]
   [ 0.          0.          0.         ...  0.          0.
     0.        ]]

  [[ 0.01098745  0.          0.00542389 ...  0.          0.00841146
     0.        ]
   [ 0.          0.          0.         ...  0.          0.
     0.        ]
   [ 0.01254777  0.          0.15993537 ...  0.          0.12241565
     0.        ]
   ...
   [ 0.          0.          0.         ...  0.          0.
     0.        ]
   [ 0.01486416  0.          0.45939095 ...  0.          0.15572012
     0.        ]
   [ 0.          0.          0.         ...  0.          0.
     0.        ]]

  [[ 0.          0.          0.         ...  0.          0.
     0.        ]
   [ 0.01098745  0.          0.00542389 ...  0.          0.00841146
     0.        ]
   [ 0.          0.          0.         ...  0.          0.
     0.        ]
   ...
   [ 0.          0.          0.         ...  0.          0.
     0.        ]
   [ 0.          0.          0.         ...  0.          0.
     0.        ]
   [ 0.01486416  0.          0.45939095 ...  0.          0.15572012
     0.        ]]]


 ...


 [[[ 0.          0.          0.         ...  0.39608903  0.
     0.        ]
   [ 0.          0.          0.         ...  0.          0.
     0.        ]
   [ 0.          0.          0.         ... -0.00600421  0.
     0.        ]
   ...
   [ 0.          0.          0.         ...  0.          0.
     0.        ]
   [ 0.          0.          0.         ... -0.00327461  0.
     0.        ]
   [ 0.          0.          0.         ...  0.          0.
     0.        ]]

  [[ 0.          0.          0.         ...  0.          0.
     0.        ]
   [ 0.          0.          0.         ...  0.39608903  0.
     0.        ]
   [ 0.          0.          0.         ...  0.          0.
     0.        ]
   ...
   [ 0.          0.00989082  0.         ...  0.          0.
    -0.00363388]
   [ 0.          0.          0.         ...  0.          0.
     0.        ]
   [ 0.          0.          0.         ... -0.00327461  0.
     0.        ]]

  [[ 0.          0.          0.         ... -0.00600421  0.
     0.        ]
   [ 0.          0.          0.         ...  0.          0.
     0.        ]
   [ 0.          0.          0.         ...  0.30049908  0.
     0.        ]
   ...
   [ 0.          0.          0.         ...  0.          0.
     0.        ]
   [ 0.          0.          0.         ...  0.02294337  0.
     0.        ]
   [ 0.          0.          0.         ...  0.          0.
     0.        ]]

  ...

  [[ 0.          0.          0.         ...  0.          0.
     0.        ]
   [ 0.          0.00989082  0.         ...  0.          0.
    -0.00363388]
   [ 0.          0.          0.         ...  0.          0.
     0.        ]
   ...
   [ 0.          0.          0.         ...  0.31294551  0.
     0.        ]
   [ 0.          0.          0.         ...  0.          0.
     0.        ]
   [ 0.         -0.00363388  0.         ...  0.          0.
     0.01533195]]

  [[ 0.          0.          0.         ... -0.00327461  0.
     0.        ]
   [ 0.          0.          0.         ...  0.          0.
     0.        ]
   [ 0.          0.          0.         ...  0.02294337  0.
     0.        ]
   ...
   [ 0.          0.          0.         ...  0.          0.
     0.        ]
   [ 0.          0.          0.         ...  0.27247274  0.
     0.        ]
   [ 0.          0.          0.         ...  0.          0.
     0.        ]]

  [[ 0.          0.          0.         ...  0.          0.
     0.        ]
   [ 0.          0.          0.         ... -0.00327461  0.
     0.        ]
   [ 0.          0.          0.         ...  0.          0.
     0.        ]
   ...
   [ 0.         -0.00363388  0.         ...  0.          0.
     0.01533195]
   [ 0.          0.          0.         ...  0.          0.
     0.        ]
   [ 0.          0.          0.         ...  0.27247274  0.
     0.        ]]]


 [[[-0.06905424  0.          0.08876831 ...  0.          0.38377585
     0.        ]
   [ 0.          0.          0.         ...  0.          0.
     0.        ]
   [ 0.01098745  0.          0.01254777 ...  0.          0.01486416
     0.        ]
   ...
   [ 0.          0.          0.         ...  0.          0.
     0.        ]
   [ 0.00709774  0.          0.00841146 ...  0.          0.0100766
     0.        ]
   [ 0.          0.          0.         ...  0.          0.
     0.        ]]

  [[ 0.          0.          0.         ...  0.          0.
     0.        ]
   [-0.06905424  0.          0.08876831 ...  0.          0.38377585
     0.        ]
   [ 0.          0.          0.         ...  0.          0.
     0.        ]
   ...
   [ 0.          0.          0.         ...  0.          0.
     0.        ]
   [ 0.          0.          0.         ...  0.          0.
     0.        ]
   [ 0.00709774  0.          0.00841146 ...  0.          0.0100766
     0.        ]]

  [[ 0.01098745  0.          0.01254777 ...  0.          0.01486416
     0.        ]
   [ 0.          0.          0.         ...  0.          0.
     0.        ]
   [ 0.00542389  0.          0.15993537 ...  0.          0.45939095
     0.        ]
   ...
   [ 0.          0.          0.         ...  0.          0.
     0.        ]
   [ 0.00841146  0.          0.12241565 ...  0.          0.15572012
     0.        ]
   [ 0.          0.          0.         ...  0.          0.
     0.        ]]

  ...

  [[ 0.          0.          0.         ...  0.          0.
     0.        ]
   [ 0.          0.          0.         ...  0.          0.
     0.        ]
   [ 0.          0.          0.         ...  0.          0.
     0.        ]
   ...
   [-0.00327461  0.          0.02294337 ...  0.          0.27247274
     0.        ]
   [ 0.          0.          0.         ...  0.          0.
     0.        ]
   [ 0.          0.          0.         ...  0.          0.
     0.        ]]

  [[ 0.00709774  0.          0.00841146 ...  0.          0.0100766
     0.        ]
   [ 0.          0.          0.         ...  0.          0.
     0.        ]
   [ 0.00841146  0.          0.12241565 ...  0.          0.15572012
     0.        ]
   ...
   [ 0.          0.          0.         ...  0.          0.
     0.        ]
   [ 0.0100766   0.          0.15572012 ...  0.          0.43975876
     0.        ]
   [ 0.          0.          0.         ...  0.          0.
     0.        ]]

  [[ 0.          0.          0.         ...  0.          0.
     0.        ]
   [ 0.00709774  0.          0.00841146 ...  0.          0.0100766
     0.        ]
   [ 0.          0.          0.         ...  0.          0.
     0.        ]
   ...
   [ 0.          0.          0.         ...  0.          0.
     0.        ]
   [ 0.          0.          0.         ...  0.          0.
     0.        ]
   [ 0.0100766   0.          0.15572012 ...  0.          0.43975876
     0.        ]]]


 [[[ 0.         -0.06905424  0.         ...  0.          0.
     0.38377585]
   [ 0.          0.          0.         ...  0.          0.
     0.        ]
   [ 0.          0.01098745  0.         ...  0.          0.
     0.01486416]
   ...
   [ 0.          0.          0.         ...  0.          0.
     0.        ]
   [ 0.          0.00709774  0.         ...  0.          0.
     0.0100766 ]
   [ 0.          0.          0.         ...  0.          0.
     0.        ]]

  [[ 0.          0.          0.         ...  0.          0.
     0.        ]
   [ 0.         -0.06905424  0.         ...  0.          0.
     0.38377585]
   [ 0.          0.          0.         ...  0.          0.
     0.        ]
   ...
   [ 0.          0.          0.         ... -0.00363388  0.
     0.        ]
   [ 0.          0.          0.         ...  0.          0.
     0.        ]
   [ 0.          0.00709774  0.         ...  0.          0.
     0.0100766 ]]

  [[ 0.          0.01098745  0.         ...  0.          0.
     0.01486416]
   [ 0.          0.          0.         ...  0.          0.
     0.        ]
   [ 0.          0.00542389  0.         ...  0.          0.
     0.45939095]
   ...
   [ 0.          0.          0.         ...  0.          0.
     0.        ]
   [ 0.          0.00841146  0.         ...  0.          0.
     0.15572012]
   [ 0.          0.          0.         ...  0.          0.
     0.        ]]

  ...

  [[ 0.          0.          0.         ...  0.          0.
     0.        ]
   [ 0.          0.          0.         ... -0.00363388  0.
     0.        ]
   [ 0.          0.          0.         ...  0.          0.
     0.        ]
   ...
   [ 0.         -0.00327461  0.         ...  0.          0.
     0.27247274]
   [ 0.          0.          0.         ...  0.          0.
     0.        ]
   [ 0.          0.          0.         ...  0.01533195  0.
     0.        ]]

  [[ 0.          0.00709774  0.         ...  0.          0.
     0.0100766 ]
   [ 0.          0.          0.         ...  0.          0.
     0.        ]
   [ 0.          0.00841146  0.         ...  0.          0.
     0.15572012]
   ...
   [ 0.          0.          0.         ...  0.          0.
     0.        ]
   [ 0.          0.0100766   0.         ...  0.          0.
     0.43975876]
   [ 0.          0.          0.         ...  0.          0.
     0.        ]]

  [[ 0.          0.          0.         ...  0.          0.
     0.        ]
   [ 0.          0.00709774  0.         ...  0.          0.
     0.0100766 ]
   [ 0.          0.          0.         ...  0.          0.
     0.        ]
   ...
   [ 0.          0.          0.         ...  0.01533195  0.
     0.        ]
   [ 0.          0.          0.         ...  0.          0.
     0.        ]
   [ 0.          0.0100766   0.         ...  0.          0.
     0.43975876]]]] <class 'numpy.ndarray'> (12, 12, 12, 12)
converged SCF energy = -1.06610864931794
['_TemporaryMoleContext', '__add__', '__call__', '__class__', '__delattr__', '__dict__', '__dir__', '__doc__', '__eq__', '__format__', '__ge__', '__getattr__', '__getattribute__', '__getstate__', '__gt__', '__hash__', '__init__', '__init_subclass__', '__le__', '__lt__', '__module__', '__ne__', '__new__', '__reduce__', '__reduce_ex__', '__repr__', '__setattr__', '__setstate__', '__sizeof__', '__str__', '__subclasshook__', '__weakref__', '_add_suffix', '_atm', '_atom', '_bas', '_basis', '_build_symmetry', '_built', '_ctx_lock', '_ecp', '_ecpbas', '_enuc', '_env', '_keys', '_libcint_ctr_coeff', '_nao', '_nelectron', '_pseudo', '_symm_axes', '_symm_orig', 'ao2mo', 'ao_labels', 'ao_loc', 'ao_loc_2c', 'ao_loc_nr', 'ao_rotation_matrix', 'aoslice_2c_by_atom', 'aoslice_by_atom', 'aoslice_nr_by_atom', 'apply', 'atom', 'atom_charge', 'atom_charges', 'atom_coord', 'atom_coords', 'atom_mass_list', 'atom_nelec_core', 'atom_nshells', 'atom_pure_symbol', 'atom_shell_ids', 'atom_symbol', 'bas_angular', 'bas_atom', 'bas_coord', 'bas_ctr_coeff', 'bas_exp', 'bas_exps', 'bas_kappa', 'bas_len_cart', 'bas_len_spinor', 'bas_nctr', 'bas_nprim', 'basis', 'build', 'cart', 'cart2sph_coeff', 'cart_labels', 'charge', 'check_sanity', 'condense_to_shell', 'copy', 'decontract_basis', 'dump_input', 'dumps', 'ecp', 'elements', 'energy_nuc', 'enuc', 'etbs', 'eval_ao', 'eval_gto', 'expand_etb', 'expand_etbs', 'format_atom', 'format_basis', 'format_ecp', 'format_pseudo', 'fromfile', 'fromstring', 'get_ao_indices', 'get_enuc', 'get_overlap_cond', 'groupname', 'gto_norm', 'has_ecp', 'has_ecp_soc', 'incore_anyway', 'inertia_moment', 'intor', 'intor_asymmetric', 'intor_by_shell', 'intor_symmetric', 'irrep_id', 'irrep_name', 'kernel', 'loads', 'loads_', 'magmom', 'make_atm_env', 'make_bas_env', 'make_ecp_env', 'make_env', 'max_memory', 'ms', 'multiplicity', 'nao', 'nao_2c', 'nao_2c_range', 'nao_cart', 'nao_nr', 'nao_nr_range', 'natm', 'nbas', 'nelec', 'nelectron', 'npgto_nr', 'nucmod', 'nucprop', 'offset_2c_by_atom', 'offset_ao_by_atom', 'offset_nr_by_atom', 'omega', 'output', 'pack', 'post_kernel', 'pre_kernel', 'pseudo', 'run', 'search_ao_label', 'search_ao_nr', 'search_ao_r', 'search_shell_id', 'set', 'set_common_orig', 'set_common_orig_', 'set_common_origin', 'set_common_origin_', 'set_f12_zeta', 'set_geom_', 'set_nuc_mod', 'set_nuc_mod_', 'set_range_coulomb', 'set_range_coulomb_', 'set_rinv_orig', 'set_rinv_orig_', 'set_rinv_origin', 'set_rinv_origin_', 'set_rinv_zeta', 'set_rinv_zeta_', 'sph2spinor_coeff', 'sph_labels', 'spheric_labels', 'spin', 'spinor_labels', 'stdout', 'symm_orb', 'symmetry', 'symmetry_subgroup', 'time_reversal_map', 'tmap', 'to_cell', 'to_uncontracted_cartesian_basis', 'tofile', 'topgroup', 'tostring', 'tot_electrons', 'unit', 'unpack', 'unpack_', 'update', 'update_from_chk', 'verbose', 'view', 'with_common_orig', 'with_common_origin', 'with_integral_screen', 'with_long_range_coulomb', 'with_range_coulomb', 'with_rinv_as_nucleus', 'with_rinv_at_nucleus', 'with_rinv_orig', 'with_rinv_origin', 'with_rinv_zeta', 'with_short_range_coulomb']
(1, 1)
<class 'pyscf.gto.mole.Mole'> <class 'pyscf.scf.hf.RHF'>
 ecore:  -0.02721124
h1!!! [[5.62181262e-01 5.69993472e-17]
 [2.06348397e-16 1.11057269e+00]]
<class 'pyscf.gto.mole.Mole'> <class 'pyscf.scf.hf.RHF'>
 ecore:  -0.02721124
h1!!! [[5.62181262e-01 5.69993472e-17]
 [2.06348397e-16 1.11057269e+00]]
SCF energy pycc: -1.0661086493179366 -1.0661086493179366
n_mo=2, n_spin_orbitals=4, n_electrons=2
[-0.48444168 -0.48444168  0.45750194  0.45750194]
<class 'numpy.ndarray'> (4, 4, 4, 4) (4, 4) 0.52917721092
converged SCF energy = -7.76736213574856
['_TemporaryMoleContext', '__add__', '__call__', '__class__', '__delattr__', '__dict__', '__dir__', '__doc__', '__eq__', '__format__', '__ge__', '__getattr__', '__getattribute__', '__getstate__', '__gt__', '__hash__', '__init__', '__init_subclass__', '__le__', '__lt__', '__module__', '__ne__', '__new__', '__reduce__', '__reduce_ex__', '__repr__', '__setattr__', '__setstate__', '__sizeof__', '__str__', '__subclasshook__', '__weakref__', '_add_suffix', '_atm', '_atom', '_bas', '_basis', '_build_symmetry', '_built', '_ctx_lock', '_ecp', '_ecpbas', '_enuc', '_env', '_keys', '_libcint_ctr_coeff', '_nao', '_nelectron', '_pseudo', '_symm_axes', '_symm_orig', 'ao2mo', 'ao_labels', 'ao_loc', 'ao_loc_2c', 'ao_loc_nr', 'ao_rotation_matrix', 'aoslice_2c_by_atom', 'aoslice_by_atom', 'aoslice_nr_by_atom', 'apply', 'atom', 'atom_charge', 'atom_charges', 'atom_coord', 'atom_coords', 'atom_mass_list', 'atom_nelec_core', 'atom_nshells', 'atom_pure_symbol', 'atom_shell_ids', 'atom_symbol', 'bas_angular', 'bas_atom', 'bas_coord', 'bas_ctr_coeff', 'bas_exp', 'bas_exps', 'bas_kappa', 'bas_len_cart', 'bas_len_spinor', 'bas_nctr', 'bas_nprim', 'basis', 'build', 'cart', 'cart2sph_coeff', 'cart_labels', 'charge', 'check_sanity', 'condense_to_shell', 'copy', 'decontract_basis', 'dump_input', 'dumps', 'ecp', 'elements', 'energy_nuc', 'enuc', 'etbs', 'eval_ao', 'eval_gto', 'expand_etb', 'expand_etbs', 'format_atom', 'format_basis', 'format_ecp', 'format_pseudo', 'fromfile', 'fromstring', 'get_ao_indices', 'get_enuc', 'get_overlap_cond', 'groupname', 'gto_norm', 'has_ecp', 'has_ecp_soc', 'incore_anyway', 'inertia_moment', 'intor', 'intor_asymmetric', 'intor_by_shell', 'intor_symmetric', 'irrep_id', 'irrep_name', 'kernel', 'loads', 'loads_', 'magmom', 'make_atm_env', 'make_bas_env', 'make_ecp_env', 'make_env', 'max_memory', 'ms', 'multiplicity', 'nao', 'nao_2c', 'nao_2c_range', 'nao_cart', 'nao_nr', 'nao_nr_range', 'natm', 'nbas', 'nelec', 'nelectron', 'npgto_nr', 'nucmod', 'nucprop', 'offset_2c_by_atom', 'offset_ao_by_atom', 'offset_nr_by_atom', 'omega', 'output', 'pack', 'post_kernel', 'pre_kernel', 'pseudo', 'run', 'search_ao_label', 'search_ao_nr', 'search_ao_r', 'search_shell_id', 'set', 'set_common_orig', 'set_common_orig_', 'set_common_origin', 'set_common_origin_', 'set_f12_zeta', 'set_geom_', 'set_nuc_mod', 'set_nuc_mod_', 'set_range_coulomb', 'set_range_coulomb_', 'set_rinv_orig', 'set_rinv_orig_', 'set_rinv_origin', 'set_rinv_origin_', 'set_rinv_zeta', 'set_rinv_zeta_', 'sph2spinor_coeff', 'sph_labels', 'spheric_labels', 'spin', 'spinor_labels', 'stdout', 'symm_orb', 'symmetry', 'symmetry_subgroup', 'time_reversal_map', 'tmap', 'to_cell', 'to_uncontracted_cartesian_basis', 'tofile', 'topgroup', 'tostring', 'tot_electrons', 'unit', 'unpack', 'unpack_', 'update', 'update_from_chk', 'verbose', 'view', 'with_common_orig', 'with_common_origin', 'with_integral_screen', 'with_long_range_coulomb', 'with_range_coulomb', 'with_rinv_as_nucleus', 'with_rinv_at_nucleus', 'with_rinv_orig', 'with_rinv_origin', 'with_rinv_zeta', 'with_short_range_coulomb']
(2, 2)
<class 'pyscf.gto.mole.Mole'> <class 'pyscf.scf.hf.RHF'>
 ecore:   0.27849071
h1!!! [[ 7.22854815e-01 -5.25480058e-02 -6.54284215e-02  0.00000000e+00
   0.00000000e+00 -1.56579337e-03]
 [-5.25480058e-02  2.11116909e+00 -8.05212764e-02  0.00000000e+00
   0.00000000e+00  3.05681850e-01]
 [-6.54284215e-02 -8.05212764e-02  1.92372024e+00  0.00000000e+00
   0.00000000e+00  1.92419121e-02]
 [ 0.00000000e+00  0.00000000e+00  0.00000000e+00  2.06518172e+00
   0.00000000e+00  0.00000000e+00]
 [ 0.00000000e+00  0.00000000e+00  0.00000000e+00  0.00000000e+00
   2.06518172e+00  0.00000000e+00]
 [-1.56579337e-03  3.05681850e-01  1.92419121e-02  0.00000000e+00
   0.00000000e+00  2.57357566e+00]]
<class 'pyscf.gto.mole.Mole'> <class 'pyscf.scf.hf.RHF'>
 ecore:   0.27849071
h1!!! [[ 7.22854815e-01 -5.25480058e-02 -6.54284215e-02  0.00000000e+00
   0.00000000e+00 -1.56579337e-03]
 [-5.25480058e-02  2.11116909e+00 -8.05212764e-02  0.00000000e+00
   0.00000000e+00  3.05681850e-01]
 [-6.54284215e-02 -8.05212764e-02  1.92372024e+00  0.00000000e+00
   0.00000000e+00  1.92419121e-02]
 [ 0.00000000e+00  0.00000000e+00  0.00000000e+00  2.06518172e+00
   0.00000000e+00  0.00000000e+00]
 [ 0.00000000e+00  0.00000000e+00  0.00000000e+00  0.00000000e+00
   2.06518172e+00  0.00000000e+00]
 [-1.56579337e-03  3.05681850e-01  1.92419121e-02  0.00000000e+00
   0.00000000e+00  2.57357566e+00]]
SCF energy pycc: -7.767362135748557 -7.767362135748557
n_mo=6, n_spin_orbitals=12, n_electrons=4
[-2.37089933 -2.37089933 -0.31665704 -0.31665704  0.07684843  0.07684843
  0.15793876  0.15793876  0.15793876  0.15793876  0.61299931  0.61299931]
<class 'numpy.ndarray'> (12, 12, 12, 12) (12, 12) 1.5875316327600002
compare against g [[[[ 2.89169598e-20  0.00000000e+00  0.00000000e+00 ...  0.00000000e+00
     5.12586255e-17  0.00000000e+00]
   [ 0.00000000e+00  0.00000000e+00  0.00000000e+00 ...  0.00000000e+00
     0.00000000e+00  0.00000000e+00]
   [ 0.00000000e+00  0.00000000e+00  0.00000000e+00 ...  0.00000000e+00
     0.00000000e+00  0.00000000e+00]
   ...
   [ 0.00000000e+00  0.00000000e+00  0.00000000e+00 ...  0.00000000e+00
     0.00000000e+00  0.00000000e+00]
   [-5.03079740e-17  0.00000000e+00  0.00000000e+00 ...  0.00000000e+00
    -2.53124077e-19  0.00000000e+00]
   [ 0.00000000e+00  0.00000000e+00  0.00000000e+00 ...  0.00000000e+00
     0.00000000e+00  0.00000000e+00]]

  [[ 0.00000000e+00  1.64540443e+00 -1.62784261e-01 ...  0.00000000e+00
     0.00000000e+00 -6.90542411e-02]
   [-1.64540443e+00  0.00000000e+00  0.00000000e+00 ...  0.00000000e+00
     6.90542411e-02  0.00000000e+00]
   [ 1.62784261e-01  0.00000000e+00  0.00000000e+00 ...  0.00000000e+00
    -1.09874453e-02  0.00000000e+00]
   ...
   [ 0.00000000e+00  0.00000000e+00  0.00000000e+00 ...  0.00000000e+00
     0.00000000e+00  0.00000000e+00]
   [ 0.00000000e+00 -6.90542411e-02  1.09874453e-02 ...  0.00000000e+00
     0.00000000e+00  7.09774003e-03]
   [ 6.90542411e-02  0.00000000e+00  0.00000000e+00 ...  0.00000000e+00
    -7.09774003e-03  0.00000000e+00]]

  [[ 0.00000000e+00 -1.62784261e-01  4.68374943e-01 ...  0.00000000e+00
     0.00000000e+00  8.87683057e-02]
   [ 1.62784261e-01  0.00000000e+00  0.00000000e+00 ...  0.00000000e+00
    -1.09874453e-02  0.00000000e+00]
   [-4.68374943e-01  0.00000000e+00  0.00000000e+00 ...  0.00000000e+00
    -5.42388966e-03  0.00000000e+00]
   ...
   [ 0.00000000e+00  0.00000000e+00  0.00000000e+00 ...  0.00000000e+00
     0.00000000e+00  0.00000000e+00]
   [ 0.00000000e+00  1.09874453e-02  5.42388966e-03 ...  0.00000000e+00
     0.00000000e+00  8.41146362e-03]
   [-8.87683057e-02  0.00000000e+00  0.00000000e+00 ...  0.00000000e+00
    -8.41146362e-03  0.00000000e+00]]

  ...

  [[ 0.00000000e+00  0.00000000e+00  0.00000000e+00 ...  3.96089029e-01
     0.00000000e+00  0.00000000e+00]
   [ 0.00000000e+00  0.00000000e+00  0.00000000e+00 ...  0.00000000e+00
     0.00000000e+00  0.00000000e+00]
   [ 0.00000000e+00  0.00000000e+00  0.00000000e+00 ...  0.00000000e+00
     0.00000000e+00  0.00000000e+00]
   ...
   [-3.96089029e-01  0.00000000e+00  0.00000000e+00 ...  0.00000000e+00
     3.27460985e-03  0.00000000e+00]
   [ 0.00000000e+00  0.00000000e+00  0.00000000e+00 ... -3.27460985e-03
     0.00000000e+00  0.00000000e+00]
   [ 0.00000000e+00  0.00000000e+00  0.00000000e+00 ...  0.00000000e+00
     0.00000000e+00  0.00000000e+00]]

  [[-1.99366060e-18  0.00000000e+00  0.00000000e+00 ...  0.00000000e+00
     3.76678112e-01  0.00000000e+00]
   [ 0.00000000e+00  0.00000000e+00  0.00000000e+00 ...  0.00000000e+00
     0.00000000e+00  0.00000000e+00]
   [ 0.00000000e+00  0.00000000e+00  0.00000000e+00 ...  0.00000000e+00
     0.00000000e+00  0.00000000e+00]
   ...
   [ 0.00000000e+00  0.00000000e+00  0.00000000e+00 ...  0.00000000e+00
     0.00000000e+00  0.00000000e+00]
   [-3.76678112e-01  0.00000000e+00  0.00000000e+00 ...  0.00000000e+00
     9.32283322e-19  0.00000000e+00]
   [ 0.00000000e+00  0.00000000e+00  0.00000000e+00 ...  0.00000000e+00
     0.00000000e+00  0.00000000e+00]]

  [[ 0.00000000e+00 -6.90542411e-02  8.87683057e-02 ...  0.00000000e+00
     0.00000000e+00  3.83775853e-01]
   [ 6.90542411e-02  0.00000000e+00  0.00000000e+00 ...  0.00000000e+00
    -7.09774003e-03  0.00000000e+00]
   [-8.87683057e-02  0.00000000e+00  0.00000000e+00 ...  0.00000000e+00
    -8.41146362e-03  0.00000000e+00]
   ...
   [ 0.00000000e+00  0.00000000e+00  0.00000000e+00 ...  0.00000000e+00
     0.00000000e+00  0.00000000e+00]
   [ 0.00000000e+00  7.09774003e-03  8.41146362e-03 ...  0.00000000e+00
     0.00000000e+00  1.00766035e-02]
   [-3.83775853e-01  0.00000000e+00  0.00000000e+00 ...  0.00000000e+00
    -1.00766035e-02  0.00000000e+00]]]


 [[[ 0.00000000e+00 -1.64540443e+00  1.62784261e-01 ...  0.00000000e+00
     0.00000000e+00  6.90542411e-02]
   [ 1.64540443e+00  0.00000000e+00  0.00000000e+00 ...  0.00000000e+00
    -6.90542411e-02  0.00000000e+00]
   [-1.62784261e-01  0.00000000e+00  0.00000000e+00 ...  0.00000000e+00
     1.09874453e-02  0.00000000e+00]
   ...
   [ 0.00000000e+00  0.00000000e+00  0.00000000e+00 ...  0.00000000e+00
     0.00000000e+00  0.00000000e+00]
   [ 0.00000000e+00  6.90542411e-02 -1.09874453e-02 ...  0.00000000e+00
     0.00000000e+00 -7.09774003e-03]
   [-6.90542411e-02  0.00000000e+00  0.00000000e+00 ...  0.00000000e+00
     7.09774003e-03  0.00000000e+00]]

  [[ 0.00000000e+00  0.00000000e+00  0.00000000e+00 ...  0.00000000e+00
     0.00000000e+00  0.00000000e+00]
   [ 0.00000000e+00  2.89169598e-20 -2.21926915e-17 ...  0.00000000e+00
     0.00000000e+00  5.12586255e-17]
   [ 0.00000000e+00  1.95906063e-17  7.11192979e-20 ...  0.00000000e+00
     0.00000000e+00 -2.30988981e-17]
   ...
   [ 0.00000000e+00  0.00000000e+00  0.00000000e+00 ...  0.00000000e+00
     0.00000000e+00  0.00000000e+00]
   [ 0.00000000e+00  0.00000000e+00  0.00000000e+00 ...  0.00000000e+00
     0.00000000e+00  0.00000000e+00]
   [ 0.00000000e+00 -5.03079740e-17  2.39132464e-17 ...  0.00000000e+00
     0.00000000e+00 -2.53124077e-19]]

  [[ 0.00000000e+00  0.00000000e+00  0.00000000e+00 ...  0.00000000e+00
     0.00000000e+00  0.00000000e+00]
   [ 0.00000000e+00  5.17130644e-19  4.36681658e-01 ...  0.00000000e+00
     0.00000000e+00  7.77808604e-02]
   [ 0.00000000e+00 -4.36681658e-01  7.15687606e-18 ...  0.00000000e+00
     0.00000000e+00  7.12388515e-03]
   ...
   [ 0.00000000e+00  0.00000000e+00  0.00000000e+00 ...  0.00000000e+00
     0.00000000e+00  0.00000000e+00]
   [ 0.00000000e+00  0.00000000e+00  0.00000000e+00 ...  0.00000000e+00
     0.00000000e+00  0.00000000e+00]
   [ 0.00000000e+00 -7.77808604e-02 -7.12388515e-03 ...  0.00000000e+00
     0.00000000e+00  5.77328869e-18]]

  ...

  [[ 0.00000000e+00  0.00000000e+00  0.00000000e+00 ...  0.00000000e+00
     0.00000000e+00  0.00000000e+00]
   [ 0.00000000e+00  0.00000000e+00  0.00000000e+00 ...  3.86198204e-01
     0.00000000e+00  0.00000000e+00]
   [ 0.00000000e+00  0.00000000e+00  0.00000000e+00 ... -1.43157540e-02
     0.00000000e+00  0.00000000e+00]
   ...
   [ 0.00000000e+00 -3.86198204e-01  1.43157540e-02 ...  0.00000000e+00
     0.00000000e+00 -3.59266089e-04]
   [ 0.00000000e+00  0.00000000e+00  0.00000000e+00 ...  0.00000000e+00
     0.00000000e+00  0.00000000e+00]
   [ 0.00000000e+00  0.00000000e+00  0.00000000e+00 ...  3.59266089e-04
     0.00000000e+00  0.00000000e+00]]

  [[ 0.00000000e+00  6.90542411e-02 -1.09874453e-02 ...  0.00000000e+00
     0.00000000e+00 -7.09774003e-03]
   [-6.90542411e-02  0.00000000e+00  0.00000000e+00 ...  0.00000000e+00
     3.83775853e-01  0.00000000e+00]
   [ 1.09874453e-02  0.00000000e+00  0.00000000e+00 ...  0.00000000e+00
     1.48641646e-02  0.00000000e+00]
   ...
   [ 0.00000000e+00  0.00000000e+00  0.00000000e+00 ...  0.00000000e+00
     0.00000000e+00  0.00000000e+00]
   [ 0.00000000e+00 -3.83775853e-01 -1.48641646e-02 ...  0.00000000e+00
     0.00000000e+00 -1.00766035e-02]
   [ 7.09774003e-03  0.00000000e+00  0.00000000e+00 ...  0.00000000e+00
     1.00766035e-02  0.00000000e+00]]

  [[ 0.00000000e+00  0.00000000e+00  0.00000000e+00 ...  0.00000000e+00
     0.00000000e+00  0.00000000e+00]
   [ 0.00000000e+00 -1.99366060e-18  7.77808604e-02 ...  0.00000000e+00
     0.00000000e+00  3.76678112e-01]
   [ 0.00000000e+00 -7.77808604e-02 -5.44661535e-18 ...  0.00000000e+00
     0.00000000e+00  6.45270096e-03]
   ...
   [ 0.00000000e+00  0.00000000e+00  0.00000000e+00 ...  0.00000000e+00
     0.00000000e+00  0.00000000e+00]
   [ 0.00000000e+00  0.00000000e+00  0.00000000e+00 ...  0.00000000e+00
     0.00000000e+00  0.00000000e+00]
   [ 0.00000000e+00 -3.76678112e-01 -6.45270096e-03 ...  0.00000000e+00
     0.00000000e+00  9.32283322e-19]]]


 [[[ 0.00000000e+00  1.62784261e-01 -4.68374943e-01 ...  0.00000000e+00
     0.00000000e+00 -8.87683057e-02]
   [-1.62784261e-01  0.00000000e+00  0.00000000e+00 ...  0.00000000e+00
     1.09874453e-02  0.00000000e+00]
   [ 4.68374943e-01  0.00000000e+00  0.00000000e+00 ...  0.00000000e+00
     5.42388966e-03  0.00000000e+00]
   ...
   [ 0.00000000e+00  0.00000000e+00  0.00000000e+00 ...  0.00000000e+00
     0.00000000e+00  0.00000000e+00]
   [ 0.00000000e+00 -1.09874453e-02 -5.42388966e-03 ...  0.00000000e+00
     0.00000000e+00 -8.41146362e-03]
   [ 8.87683057e-02  0.00000000e+00  0.00000000e+00 ...  0.00000000e+00
     8.41146362e-03  0.00000000e+00]]

  [[ 0.00000000e+00  0.00000000e+00  0.00000000e+00 ...  0.00000000e+00
     0.00000000e+00  0.00000000e+00]
   [ 0.00000000e+00 -1.03737534e-19 -4.36681658e-01 ...  0.00000000e+00
     0.00000000e+00 -7.77808604e-02]
   [ 0.00000000e+00  4.36681658e-01 -5.51114465e-18 ...  0.00000000e+00
     0.00000000e+00 -7.12388515e-03]
   ...
   [ 0.00000000e+00  0.00000000e+00  0.00000000e+00 ...  0.00000000e+00
     0.00000000e+00  0.00000000e+00]
   [ 0.00000000e+00  0.00000000e+00  0.00000000e+00 ...  0.00000000e+00
     0.00000000e+00  0.00000000e+00]
   [ 0.00000000e+00  7.77808604e-02  7.12388515e-03 ...  0.00000000e+00
     0.00000000e+00 -2.39876323e-18]]

  [[ 0.00000000e+00  0.00000000e+00  0.00000000e+00 ...  0.00000000e+00
     0.00000000e+00  0.00000000e+00]
   [ 0.00000000e+00 -7.30057831e-20  6.95967744e-18 ...  0.00000000e+00
     0.00000000e+00  3.45383213e-17]
   [ 0.00000000e+00 -5.64428705e-18 -1.52577596e-18 ...  0.00000000e+00
     0.00000000e+00  8.16733957e-18]
   ...
   [ 0.00000000e+00  0.00000000e+00  0.00000000e+00 ...  0.00000000e+00
     0.00000000e+00  0.00000000e+00]
   [ 0.00000000e+00  0.00000000e+00  0.00000000e+00 ...  0.00000000e+00
     0.00000000e+00  0.00000000e+00]
   [ 0.00000000e+00 -3.33536847e-17 -1.34289011e-17 ...  0.00000000e+00
     0.00000000e+00 -7.86061660e-18]]

  ...

  [[ 0.00000000e+00  0.00000000e+00  0.00000000e+00 ...  0.00000000e+00
     0.00000000e+00  0.00000000e+00]
   [ 0.00000000e+00  0.00000000e+00  0.00000000e+00 ... -1.43157540e-02
     0.00000000e+00  0.00000000e+00]
   [ 0.00000000e+00  0.00000000e+00  0.00000000e+00 ...  2.73316971e-01
     0.00000000e+00  0.00000000e+00]
   ...
   [ 0.00000000e+00  1.43157540e-02 -2.73316971e-01 ...  0.00000000e+00
     0.00000000e+00 -3.90699708e-02]
   [ 0.00000000e+00  0.00000000e+00  0.00000000e+00 ...  0.00000000e+00
     0.00000000e+00  0.00000000e+00]
   [ 0.00000000e+00  0.00000000e+00  0.00000000e+00 ...  3.90699708e-02
     0.00000000e+00  0.00000000e+00]]

  [[ 0.00000000e+00 -1.09874453e-02 -5.42388966e-03 ...  0.00000000e+00
     0.00000000e+00 -8.41146362e-03]
   [ 1.09874453e-02  0.00000000e+00  0.00000000e+00 ...  0.00000000e+00
     1.48641646e-02  0.00000000e+00]
   [ 5.42388966e-03  0.00000000e+00  0.00000000e+00 ...  0.00000000e+00
     4.59390948e-01  0.00000000e+00]
   ...
   [ 0.00000000e+00  0.00000000e+00  0.00000000e+00 ...  0.00000000e+00
     0.00000000e+00  0.00000000e+00]
   [ 0.00000000e+00 -1.48641646e-02 -4.59390948e-01 ...  0.00000000e+00
     0.00000000e+00 -1.55720123e-01]
   [ 8.41146362e-03  0.00000000e+00  0.00000000e+00 ...  0.00000000e+00
     1.55720123e-01  0.00000000e+00]]

  [[ 0.00000000e+00  0.00000000e+00  0.00000000e+00 ...  0.00000000e+00
     0.00000000e+00  0.00000000e+00]
   [ 0.00000000e+00  5.58848072e-19  7.12388515e-03 ...  0.00000000e+00
     0.00000000e+00  6.45270096e-03]
   [ 0.00000000e+00 -7.12388515e-03 -8.04078893e-19 ...  0.00000000e+00
     0.00000000e+00  3.36975303e-01]
   ...
   [ 0.00000000e+00  0.00000000e+00  0.00000000e+00 ...  0.00000000e+00
     0.00000000e+00  0.00000000e+00]
   [ 0.00000000e+00  0.00000000e+00  0.00000000e+00 ...  0.00000000e+00
     0.00000000e+00  0.00000000e+00]
   [ 0.00000000e+00 -6.45270096e-03 -3.36975303e-01 ...  0.00000000e+00
     0.00000000e+00  5.89576921e-17]]]


 ...


 [[[ 0.00000000e+00  0.00000000e+00  0.00000000e+00 ... -3.96089029e-01
     0.00000000e+00  0.00000000e+00]
   [ 0.00000000e+00  0.00000000e+00  0.00000000e+00 ...  0.00000000e+00
     0.00000000e+00  0.00000000e+00]
   [ 0.00000000e+00  0.00000000e+00  0.00000000e+00 ...  0.00000000e+00
     0.00000000e+00  0.00000000e+00]
   ...
   [ 3.96089029e-01  0.00000000e+00  0.00000000e+00 ...  0.00000000e+00
    -3.27460985e-03  0.00000000e+00]
   [ 0.00000000e+00  0.00000000e+00  0.00000000e+00 ...  3.27460985e-03
     0.00000000e+00  0.00000000e+00]
   [ 0.00000000e+00  0.00000000e+00  0.00000000e+00 ...  0.00000000e+00
     0.00000000e+00  0.00000000e+00]]

  [[ 0.00000000e+00  0.00000000e+00  0.00000000e+00 ...  0.00000000e+00
     0.00000000e+00  0.00000000e+00]
   [ 0.00000000e+00  0.00000000e+00  0.00000000e+00 ... -3.86198204e-01
     0.00000000e+00  0.00000000e+00]
   [ 0.00000000e+00  0.00000000e+00  0.00000000e+00 ...  1.43157540e-02
     0.00000000e+00  0.00000000e+00]
   ...
   [ 0.00000000e+00  3.86198204e-01 -1.43157540e-02 ...  0.00000000e+00
     0.00000000e+00  3.59266089e-04]
   [ 0.00000000e+00  0.00000000e+00  0.00000000e+00 ...  0.00000000e+00
     0.00000000e+00  0.00000000e+00]
   [ 0.00000000e+00  0.00000000e+00  0.00000000e+00 ... -3.59266089e-04
     0.00000000e+00  0.00000000e+00]]

  [[ 0.00000000e+00  0.00000000e+00  0.00000000e+00 ...  0.00000000e+00
     0.00000000e+00  0.00000000e+00]
   [ 0.00000000e+00  0.00000000e+00  0.00000000e+00 ...  1.43157540e-02
     0.00000000e+00  0.00000000e+00]
   [ 0.00000000e+00  0.00000000e+00  0.00000000e+00 ... -2.73316971e-01
     0.00000000e+00  0.00000000e+00]
   ...
   [ 0.00000000e+00 -1.43157540e-02  2.73316971e-01 ...  0.00000000e+00
     0.00000000e+00  3.90699708e-02]
   [ 0.00000000e+00  0.00000000e+00  0.00000000e+00 ...  0.00000000e+00
     0.00000000e+00  0.00000000e+00]
   [ 0.00000000e+00  0.00000000e+00  0.00000000e+00 ... -3.90699708e-02
     0.00000000e+00  0.00000000e+00]]

  ...

  [[ 0.00000000e+00  0.00000000e+00  0.00000000e+00 ...  0.00000000e+00
     0.00000000e+00  0.00000000e+00]
   [ 0.00000000e+00 -2.77828406e-36  3.15989332e-19 ...  0.00000000e+00
     0.00000000e+00  2.22689253e-18]
   [ 0.00000000e+00 -3.15989332e-19  2.08885697e-34 ...  0.00000000e+00
     0.00000000e+00  1.87550581e-17]
   ...
   [ 0.00000000e+00  0.00000000e+00  0.00000000e+00 ...  0.00000000e+00
     0.00000000e+00  0.00000000e+00]
   [ 0.00000000e+00  0.00000000e+00  0.00000000e+00 ...  0.00000000e+00
     0.00000000e+00  0.00000000e+00]
   [ 0.00000000e+00 -2.22689253e-18 -1.87550581e-17 ...  0.00000000e+00
     0.00000000e+00 -1.17145806e-33]]

  [[ 0.00000000e+00  0.00000000e+00  0.00000000e+00 ...  3.27460985e-03
     0.00000000e+00  0.00000000e+00]
   [ 0.00000000e+00  0.00000000e+00  0.00000000e+00 ...  0.00000000e+00
     0.00000000e+00  0.00000000e+00]
   [ 0.00000000e+00  0.00000000e+00  0.00000000e+00 ...  0.00000000e+00
     0.00000000e+00  0.00000000e+00]
   ...
   [-3.27460985e-03  0.00000000e+00  0.00000000e+00 ...  0.00000000e+00
     2.72472742e-01  0.00000000e+00]
   [ 0.00000000e+00  0.00000000e+00  0.00000000e+00 ... -2.72472742e-01
     0.00000000e+00  0.00000000e+00]
   [ 0.00000000e+00  0.00000000e+00  0.00000000e+00 ...  0.00000000e+00
     0.00000000e+00  0.00000000e+00]]

  [[ 0.00000000e+00  0.00000000e+00  0.00000000e+00 ...  0.00000000e+00
     0.00000000e+00  0.00000000e+00]
   [ 0.00000000e+00  0.00000000e+00  0.00000000e+00 ... -3.59266089e-04
     0.00000000e+00  0.00000000e+00]
   [ 0.00000000e+00  0.00000000e+00  0.00000000e+00 ... -3.90699708e-02
     0.00000000e+00  0.00000000e+00]
   ...
   [ 0.00000000e+00  3.59266089e-04  3.90699708e-02 ...  0.00000000e+00
     0.00000000e+00  2.57140797e-01]
   [ 0.00000000e+00  0.00000000e+00  0.00000000e+00 ...  0.00000000e+00
     0.00000000e+00  0.00000000e+00]
   [ 0.00000000e+00  0.00000000e+00  0.00000000e+00 ... -2.57140797e-01
     0.00000000e+00  0.00000000e+00]]]


 [[[ 3.49302835e-18  0.00000000e+00  0.00000000e+00 ...  0.00000000e+00
    -3.76678112e-01  0.00000000e+00]
   [ 0.00000000e+00  0.00000000e+00  0.00000000e+00 ...  0.00000000e+00
     0.00000000e+00  0.00000000e+00]
   [ 0.00000000e+00  0.00000000e+00  0.00000000e+00 ...  0.00000000e+00
     0.00000000e+00  0.00000000e+00]
   ...
   [ 0.00000000e+00  0.00000000e+00  0.00000000e+00 ...  0.00000000e+00
     0.00000000e+00  0.00000000e+00]
   [ 3.76678112e-01  0.00000000e+00  0.00000000e+00 ...  0.00000000e+00
    -1.16791605e-17  0.00000000e+00]
   [ 0.00000000e+00  0.00000000e+00  0.00000000e+00 ...  0.00000000e+00
     0.00000000e+00  0.00000000e+00]]

  [[ 0.00000000e+00 -6.90542411e-02  1.09874453e-02 ...  0.00000000e+00
     0.00000000e+00  7.09774003e-03]
   [ 6.90542411e-02  0.00000000e+00  0.00000000e+00 ...  0.00000000e+00
    -3.83775853e-01  0.00000000e+00]
   [-1.09874453e-02  0.00000000e+00  0.00000000e+00 ...  0.00000000e+00
    -1.48641646e-02  0.00000000e+00]
   ...
   [ 0.00000000e+00  0.00000000e+00  0.00000000e+00 ...  0.00000000e+00
     0.00000000e+00  0.00000000e+00]
   [ 0.00000000e+00  3.83775853e-01  1.48641646e-02 ...  0.00000000e+00
     0.00000000e+00  1.00766035e-02]
   [-7.09774003e-03  0.00000000e+00  0.00000000e+00 ...  0.00000000e+00
    -1.00766035e-02  0.00000000e+00]]

  [[ 0.00000000e+00  1.09874453e-02  5.42388966e-03 ...  0.00000000e+00
     0.00000000e+00  8.41146362e-03]
   [-1.09874453e-02  0.00000000e+00  0.00000000e+00 ...  0.00000000e+00
    -1.48641646e-02  0.00000000e+00]
   [-5.42388966e-03  0.00000000e+00  0.00000000e+00 ...  0.00000000e+00
    -4.59390948e-01  0.00000000e+00]
   ...
   [ 0.00000000e+00  0.00000000e+00  0.00000000e+00 ...  0.00000000e+00
     0.00000000e+00  0.00000000e+00]
   [ 0.00000000e+00  1.48641646e-02  4.59390948e-01 ...  0.00000000e+00
     0.00000000e+00  1.55720123e-01]
   [-8.41146362e-03  0.00000000e+00  0.00000000e+00 ...  0.00000000e+00
    -1.55720123e-01  0.00000000e+00]]

  ...

  [[ 0.00000000e+00  0.00000000e+00  0.00000000e+00 ... -3.27460985e-03
     0.00000000e+00  0.00000000e+00]
   [ 0.00000000e+00  0.00000000e+00  0.00000000e+00 ...  0.00000000e+00
     0.00000000e+00  0.00000000e+00]
   [ 0.00000000e+00  0.00000000e+00  0.00000000e+00 ...  0.00000000e+00
     0.00000000e+00  0.00000000e+00]
   ...
   [ 3.27460985e-03  0.00000000e+00  0.00000000e+00 ...  0.00000000e+00
    -2.72472742e-01  0.00000000e+00]
   [ 0.00000000e+00  0.00000000e+00  0.00000000e+00 ...  2.72472742e-01
     0.00000000e+00  0.00000000e+00]
   [ 0.00000000e+00  0.00000000e+00  0.00000000e+00 ...  0.00000000e+00
     0.00000000e+00  0.00000000e+00]]

  [[-4.02070380e-19  0.00000000e+00  0.00000000e+00 ...  0.00000000e+00
     2.38239916e-16  0.00000000e+00]
   [ 0.00000000e+00  0.00000000e+00  0.00000000e+00 ...  0.00000000e+00
     0.00000000e+00  0.00000000e+00]
   [ 0.00000000e+00  0.00000000e+00  0.00000000e+00 ...  0.00000000e+00
     0.00000000e+00  0.00000000e+00]
   ...
   [ 0.00000000e+00  0.00000000e+00  0.00000000e+00 ...  0.00000000e+00
     0.00000000e+00  0.00000000e+00]
   [-2.51698629e-16  0.00000000e+00  0.00000000e+00 ...  0.00000000e+00
     5.19458537e-17  0.00000000e+00]
   [ 0.00000000e+00  0.00000000e+00  0.00000000e+00 ...  0.00000000e+00
     0.00000000e+00  0.00000000e+00]]

  [[ 0.00000000e+00  7.09774003e-03  8.41146362e-03 ...  0.00000000e+00
     0.00000000e+00  1.00766035e-02]
   [-7.09774003e-03  0.00000000e+00  0.00000000e+00 ...  0.00000000e+00
    -1.00766035e-02  0.00000000e+00]
   [-8.41146362e-03  0.00000000e+00  0.00000000e+00 ...  0.00000000e+00
    -1.55720123e-01  0.00000000e+00]
   ...
   [ 0.00000000e+00  0.00000000e+00  0.00000000e+00 ...  0.00000000e+00
     0.00000000e+00  0.00000000e+00]
   [ 0.00000000e+00  1.00766035e-02  1.55720123e-01 ...  0.00000000e+00
     0.00000000e+00  4.39758762e-01]
   [-1.00766035e-02  0.00000000e+00  0.00000000e+00 ...  0.00000000e+00
    -4.39758762e-01  0.00000000e+00]]]


 [[[ 0.00000000e+00  6.90542411e-02 -8.87683057e-02 ...  0.00000000e+00
     0.00000000e+00 -3.83775853e-01]
   [-6.90542411e-02  0.00000000e+00  0.00000000e+00 ...  0.00000000e+00
     7.09774003e-03  0.00000000e+00]
   [ 8.87683057e-02  0.00000000e+00  0.00000000e+00 ...  0.00000000e+00
     8.41146362e-03  0.00000000e+00]
   ...
   [ 0.00000000e+00  0.00000000e+00  0.00000000e+00 ...  0.00000000e+00
     0.00000000e+00  0.00000000e+00]
   [ 0.00000000e+00 -7.09774003e-03 -8.41146362e-03 ...  0.00000000e+00
     0.00000000e+00 -1.00766035e-02]
   [ 3.83775853e-01  0.00000000e+00  0.00000000e+00 ...  0.00000000e+00
     1.00766035e-02  0.00000000e+00]]

  [[ 0.00000000e+00  0.00000000e+00  0.00000000e+00 ...  0.00000000e+00
     0.00000000e+00  0.00000000e+00]
   [ 0.00000000e+00  3.49302835e-18 -7.77808604e-02 ...  0.00000000e+00
     0.00000000e+00 -3.76678112e-01]
   [ 0.00000000e+00  7.77808604e-02  4.88713300e-18 ...  0.00000000e+00
     0.00000000e+00 -6.45270096e-03]
   ...
   [ 0.00000000e+00  0.00000000e+00  0.00000000e+00 ...  0.00000000e+00
     0.00000000e+00  0.00000000e+00]
   [ 0.00000000e+00  0.00000000e+00  0.00000000e+00 ...  0.00000000e+00
     0.00000000e+00  0.00000000e+00]
   [ 0.00000000e+00  3.76678112e-01  6.45270096e-03 ...  0.00000000e+00
     0.00000000e+00 -1.16791605e-17]]

  [[ 0.00000000e+00  0.00000000e+00  0.00000000e+00 ...  0.00000000e+00
     0.00000000e+00  0.00000000e+00]
   [ 0.00000000e+00 -1.00688788e-18 -7.12388515e-03 ...  0.00000000e+00
     0.00000000e+00 -6.45270096e-03]
   [ 0.00000000e+00  7.12388515e-03 -1.69009267e-18 ...  0.00000000e+00
     0.00000000e+00 -3.36975303e-01]
   ...
   [ 0.00000000e+00  0.00000000e+00  0.00000000e+00 ...  0.00000000e+00
     0.00000000e+00  0.00000000e+00]
   [ 0.00000000e+00  0.00000000e+00  0.00000000e+00 ...  0.00000000e+00
     0.00000000e+00  0.00000000e+00]
   [ 0.00000000e+00  6.45270096e-03  3.36975303e-01 ...  0.00000000e+00
     0.00000000e+00 -5.74721064e-17]]

  ...

  [[ 0.00000000e+00  0.00000000e+00  0.00000000e+00 ...  0.00000000e+00
     0.00000000e+00  0.00000000e+00]
   [ 0.00000000e+00  0.00000000e+00  0.00000000e+00 ...  3.59266089e-04
     0.00000000e+00  0.00000000e+00]
   [ 0.00000000e+00  0.00000000e+00  0.00000000e+00 ...  3.90699708e-02
     0.00000000e+00  0.00000000e+00]
   ...
   [ 0.00000000e+00 -3.59266089e-04 -3.90699708e-02 ...  0.00000000e+00
     0.00000000e+00 -2.57140797e-01]
   [ 0.00000000e+00  0.00000000e+00  0.00000000e+00 ...  0.00000000e+00
     0.00000000e+00  0.00000000e+00]
   [ 0.00000000e+00  0.00000000e+00  0.00000000e+00 ...  2.57140797e-01
     0.00000000e+00  0.00000000e+00]]

  [[ 0.00000000e+00 -7.09774003e-03 -8.41146362e-03 ...  0.00000000e+00
     0.00000000e+00 -1.00766035e-02]
   [ 7.09774003e-03  0.00000000e+00  0.00000000e+00 ...  0.00000000e+00
     1.00766035e-02  0.00000000e+00]
   [ 8.41146362e-03  0.00000000e+00  0.00000000e+00 ...  0.00000000e+00
     1.55720123e-01  0.00000000e+00]
   ...
   [ 0.00000000e+00  0.00000000e+00  0.00000000e+00 ...  0.00000000e+00
     0.00000000e+00  0.00000000e+00]
   [ 0.00000000e+00 -1.00766035e-02 -1.55720123e-01 ...  0.00000000e+00
     0.00000000e+00 -4.39758762e-01]
   [ 1.00766035e-02  0.00000000e+00  0.00000000e+00 ...  0.00000000e+00
     4.39758762e-01  0.00000000e+00]]

  [[ 0.00000000e+00  0.00000000e+00  0.00000000e+00 ...  0.00000000e+00
     0.00000000e+00  0.00000000e+00]
   [ 0.00000000e+00 -4.02070380e-19  5.09112405e-17 ...  0.00000000e+00
     0.00000000e+00  2.38239916e-16]
   [ 0.00000000e+00 -5.71630992e-17  1.43923931e-17 ...  0.00000000e+00
     0.00000000e+00  3.66414421e-16]
   ...
   [ 0.00000000e+00  0.00000000e+00  0.00000000e+00 ...  0.00000000e+00
     0.00000000e+00  0.00000000e+00]
   [ 0.00000000e+00  0.00000000e+00  0.00000000e+00 ...  0.00000000e+00
     0.00000000e+00  0.00000000e+00]
   [ 0.00000000e+00 -2.51698629e-16 -3.35306243e-16 ...  0.00000000e+00
     0.00000000e+00  5.19458537e-17]]]]