converged SCF energy = -1.09138607131129
[[ 0.25170785  0.14932335  0.88330695 -0.95087346]
 [ 0.36885488  1.17827145 -0.67239839  1.12628901]
 [ 0.25170785 -0.14932335  0.88330695  0.95087346]
 [ 0.36885488 -1.17827145 -0.67239839 -1.12628901]]
<class 'pyscf.gto.mole.Mole'> <class 'pyscf.scf.hf.RHF'>
 ecore:  10.29192579
h1!!! [[ 2.29393213e+00  5.33571767e-16  4.71322621e-01  2.57972101e-16]
 [ 5.29268524e-16  2.28383550e+00 -1.83675853e-15 -4.45042276e-01]
 [ 4.71322621e-01 -1.57223060e-15  3.33249429e+00 -3.32668916e-15]
 [ 3.14104481e-17 -4.45042276e-01 -2.87090601e-15  3.74173195e+00]]
SCF energy pycc: -1.0913860713112888 -1.0913860713112888
dropcore: 0
calctype: None
dropcore: 0
n_mo=4, n_spin_orbitals=8, n_electrons=2
[-0.52293413 -0.52293413  0.18809294  0.18809294  1.06763114  1.06763114
  1.29870323  1.29870323]
geo: [['H', [0, 0, 0]], ['H', [0, 0, 1]]]
Original Hamiltonian shape: (256, 256)
Restricted Hamiltonian shape: (16, 16)
hf_index: 192
restrict sz: (16,)
e cmp: -1.1232535039794025
<1100|H|1100> = (-1.091386071311288+0j)

nelectrons: 2
Energy at theta=0 (should be HF energy): -1.091386071311  PySCF RHF energy: -1.091386071311,-1.091386071311
Starting optimization... (this may take some time for larger ansatz sizes)
callback: energy=-1.115060663666
callback: energy=-1.122609632880
callback: energy=-1.123239676331
callback: energy=-1.123251674557
callback: energy=-1.123253149059
callback: energy=-1.123253470688
callback: energy=-1.123253503899
callback: energy=-1.123253503979
Optimization terminated successfully.
         Current function value: -1.123254
         Iterations: 8
         Function evaluations: 420
         Gradient evaluations: 15
Optimization finished in 0.34 s
Success: True
Final energy: -1.123253503979179
Final parameters (first 10): [ 6.70508081e-09  0.00000000e+00  1.21507600e-02  0.00000000e+00
 -4.36941148e-09  0.00000000e+00  0.00000000e+00 -1.48992773e-08
  0.00000000e+00  1.21507424e-02]
length: 12 15
Final T1: [ 6.70508081e-09  0.00000000e+00  1.21507600e-02  0.00000000e+00
 -4.36941148e-09  0.00000000e+00  0.00000000e+00 -1.48992773e-08
  0.00000000e+00  1.21507424e-02  0.00000000e+00 -8.78263952e-09]
Final T2: [ 1.43811893e-01  0.00000000e+00  3.44820238e-09  0.00000000e+00
  5.32059986e-02  1.23863870e-08  0.00000000e+00 -5.32814251e-02
  0.00000000e+00  3.30766831e-02  0.00000000e+00  7.29334473e-08
  1.05408258e-07  0.00000000e+00  3.36902385e-02]
